4:28 PM 10/23/2017
cody@LAPTOP-TO4068AG MINGW64 /
$ source activate hello-flask

CondaEnvironmentNotFoundError: Could not find environment: hello-flask .
You can list all discoverable environments with `conda info --envs`.


cody@LAPTOP-TO4068AG MINGW64 /
$ cd gitcode/LC101/hello-flask

cody@LAPTOP-TO4068AG MINGW64 /gitcode/LC101/hello-flask (master)
$ dir
main.py  myproject  textFilesPic

cody@LAPTOP-TO4068AG MINGW64 /gitcode/LC101/hello-flask (master)
$ conda
usage: conda [-h] [-V] command ...

conda is a tool for managing and deploying applications, environments and packages.

Options:

positional arguments:
  command
    info         Display information about current conda install.
    help         Displays a list of available conda commands and their help
                 strings.
    list         List linked packages in a conda environment.
    search       Search for packages and display their information. The input
                 is a Python regular expression. To perform a search with a
                 search string that starts with a -, separate the search from
                 the options with --, like 'conda search -- -h'. A * in the
                 results means that package is installed in the current
                 environment. A . means that package is not installed but is
                 cached in the pkgs directory.
    create       Create a new conda environment from a list of specified
                 packages.
    install      Installs a list of packages into a specified conda
                 environment.
    update       Updates conda packages to the latest compatible version. This
                 command accepts a list of package names and updates them to
                 the latest versions that are compatible with all other
                 packages in the environment. Conda attempts to install the
                 newest versions of the requested packages. To accomplish
                 this, it may update some packages that are already installed,
                 or install additional packages. To prevent existing packages
                 from updating, use the --no-update-deps option. This may
                 force conda to install older versions of the requested
                 packages, and it does not prevent additional dependency
                 packages from being installed. If you wish to skip dependency
                 checking altogether, use the '--force' option. This may
                 result in an environment with incompatible packages, so this
                 option must be used with great caution.
    upgrade      Alias for conda update. See conda update --help.
    remove       Remove a list of packages from a specified conda environment.
    uninstall    Alias for conda remove. See conda remove --help.
    config       Modify configuration values in .condarc. This is modeled
                 after the git config command. Writes to the user .condarc
                 file (C:\Users\cody\.condarc) by default.
    clean        Remove unused packages and caches.
    package      Low-level conda package utility. (EXPERIMENTAL)

optional arguments:
  -h, --help     Show this help message and exit.
  -V, --version  Show the conda version number and exit.

other commands, such as "conda build", are available when additional conda
packages (e.g. conda-build) are installed


cody@LAPTOP-TO4068AG MINGW64 /gitcode/LC101/hello-flask (master)
$ conda info
Current conda install:

               platform : win-64
          conda version : 4.3.30
       conda is private : False
      conda-env version : 4.3.30
    conda-build version : not installed
         python version : 3.6.2.final.0
       requests version : 2.18.4
       root environment : C:\Miniconda3  (writable)
    default environment : C:\Miniconda3
       envs directories : C:\Miniconda3\envs
                          C:\Users\cody\AppData\Local\conda\conda\envs
                          C:\Users\cody\.conda\envs
          package cache : C:\Miniconda3\pkgs
                          C:\Users\cody\AppData\Local\conda\conda\pkgs
           channel URLs : https://repo.continuum.io/pkgs/main/win-64
                          https://repo.continuum.io/pkgs/main/noarch
                          https://repo.continuum.io/pkgs/free/win-64
                          https://repo.continuum.io/pkgs/free/noarch
                          https://repo.continuum.io/pkgs/r/win-64
                          https://repo.continuum.io/pkgs/r/noarch
                          https://repo.continuum.io/pkgs/pro/win-64
                          https://repo.continuum.io/pkgs/pro/noarch
                          https://repo.continuum.io/pkgs/msys2/win-64
                          https://repo.continuum.io/pkgs/msys2/noarch
            config file : None
             netrc file : None
           offline mode : False
             user-agent : conda/4.3.30 requests/2.18.4 CPython/3.6.2 Windows/10 Windows/10.0.15063
          administrator : False

cody@LAPTOP-TO4068AG MINGW64 /gitcode/LC101/hello-flask (master)
$ conda create -n hello-flask
Fetching package metadata .............
Solving package specifications:
Package plan for installation in environment C:\Miniconda3\envs\hello-flask:

Proceed ([y]/n)? y

#
# To activate this environment, use:
# > activate hello-flask
#
# To deactivate an active environment, use:
# > deactivate
#
# * for power-users using bash, you must source
#


cody@LAPTOP-TO4068AG MINGW64 /gitcode/LC101/hello-flask (master)
$ source activate hello-flask
(hello-flask)
cody@LAPTOP-TO4068AG MINGW64 /gitcode/LC101/hello-flask (master)
$ conda install flask
Fetching package metadata .............
Solving package specifications: .

Package plan for installation in environment C:\Miniconda3\envs\hello-flask:

The following NEW packages will be INSTALLED:

    asn1crypto:      0.22.0-py36h8e79faa_1
    ca-certificates: 2017.08.26-h94faf87_0
    cachecontrol:    0.12.3-py36hfe50d7b_0
    certifi:         2017.7.27.1-py36h043bc9e_0
    cffi:            1.10.0-py36hae3d1b5_1
    chardet:         3.0.4-py36h420ce6e_1
    click:           6.7-py36hec8c647_0
    colorama:        0.3.9-py36h029ae33_0
    cryptography:    2.0.3-py36h123decb_1
    distlib:         0.2.5-py36h51371be_0
    flask:           0.12.2-py36h98b5e8f_0
    html5lib:        0.999999999-py36ha09b1f3_0
    idna:            2.6-py36h148d497_1
    itsdangerous:    0.24-py36hb6c5a24_1
    jinja2:          2.9.6-py36h10aa3a0_1
    lockfile:        0.12.2-py36h0468280_0
    markupsafe:      1.0-py36h0e26971_1
    msgpack-python:  0.4.8-py36h58b1e9d_0
    openssl:         1.0.2l-vc14hcac20b0_2      [vc14]
    packaging:       16.8-py36ha0986f6_1
    pip:             9.0.1-py36hadba87b_3
    progress:        1.3-py36hbeca8d3_0
    pycparser:       2.18-py36hd053e01_1
    pyopenssl:       17.2.0-py36h15ca2fc_0
    pyparsing:       2.2.0-py36h785a196_1
    pysocks:         1.6.7-py36h698d350_1
    python:          3.6.3-h9e2ca53_1
    requests:        2.18.4-py36h4371aae_1
    setuptools:      36.5.0-py36h65f9e6e_0
    six:             1.11.0-py36h4db2310_1
    urllib3:         1.22-py36h276f60a_0
    vc:              14-h2379b0c_2
    vs2015_runtime:  14.0.25123-hd4c4e62_2
    webencodings:    0.5.1-py36h67c50ae_1
    werkzeug:        0.12.2-py36h866a736_0
    wheel:           0.29.0-py36h6ce6cde_1
    win_inet_pton:   1.0.1-py36he67d7fd_1
    wincertstore:    0.2-py36h7fe50ca_0

Proceed ([y]/n)? y

vs2015_runtime 100% |###############################| Time: 0:00:01   1.35 MB/s
vc-14-h2379b0c 100% |###############################| Time: 0:00:00 183.46 kB/s
python-3.6.3-h 100% |###############################| Time: 0:00:16   1.22 MB/s
six-1.11.0-py3 100% |###############################| Time: 0:00:00   1.41 MB/s
(hello-flask)
cody@LAPTOP-TO4068AG MINGW64 /gitcode/LC101/hello-flask (master)
$ touch gitinstr.txt
(hello-flask)
cody@LAPTOP-TO4068AG MINGW64 /gitcode/LC101/hello-flask (master)
$ touch main.py
(hello-flask)
cody@LAPTOP-TO4068AG MINGW64 /gitcode/LC101/hello-flask (master)
$ code .
bash: code: command not found
(hello-flask)
cody@LAPTOP-TO4068AG MINGW64 /gitcode/LC101/hello-flask (master)
$ python main.py
 * Restarting with stat
 * Debugger is active!
 * Debugger PIN: 837-348-987
 * Running on http://127.0.0.1:5000/ (Press CTRL+C to quit)
127.0.0.1 - - [23/Oct/2017 16:11:37] "GET / HTTP/1.1" 200 -
127.0.0.1 - - [23/Oct/2017 16:11:37] "GET /favicon.ico HTTP/1.1" 404 -
 * Detected change in 'C:\\Users\\cody\\Downloads\\Git\\gitcode\\LC101\\hello-fl
ask\\main.py', reloading
 * Restarting with stat
  File "main.py", line 7
    x = "Hannah"
    ^
SyntaxError: invalid syntax
(hello-flask)
cody@LAPTOP-TO4068AG MINGW64 /gitcode/LC101/hello-flask (master)
$ deactivate
Error: deactivate must be sourced. Run 'source deactivate'
instead of 'deactivate'.

(hello-flask)
cody@LAPTOP-TO4068AG MINGW64 /gitcode/LC101/hello-flask (master)
$ git status
On branch master
Changes not staged for commit:
  (use "git add <file>..." to update what will be committed)
  (use "git checkout -- <file>..." to discard changes in working directory)
  (commit or discard the untracked or modified content in submodules)

        modified:   main.py
        modified:   myproject/venv/Scripts/flask (untracked content)

Untracked files:
  (use "git add <file>..." to include in what will be committed)

        gitinstr.txt
        textFilesPic/2codeDOTdoesNotWork.JPG

no changes added to commit (use "git add" and/or "git commit -a")
(hello-flask)
cody@LAPTOP-TO4068AG MINGW64 /gitcode/LC101/hello-flask (master)
$ touch gitignore
(hello-flask)
cody@LAPTOP-TO4068AG MINGW64 /gitcode/LC101/hello-flask (master)
$ git status
On branch master
Changes not staged for commit:
  (use "git add <file>..." to update what will be committed)
  (use "git checkout -- <file>..." to discard changes in working directory)
  (commit or discard the untracked or modified content in submodules)

        modified:   main.py
        modified:   myproject/venv/Scripts/flask (untracked content)

Untracked files:
  (use "git add <file>..." to include in what will be committed)

        gitignore
        gitinstr.txt
        textFilesPic/2codeDOTdoesNotWork.JPG

no changes added to commit (use "git add" and/or "git commit -a")
(hello-flask)
cody@LAPTOP-TO4068AG MINGW64 /gitcode/LC101/hello-flask (master)
$ git add .
(hello-flask)
cody@LAPTOP-TO4068AG MINGW64 /gitcode/LC101/hello-flask (master)
$ git commit -m "Create Hello world app"
[master 51f65e6] Create Hello world app
 4 files changed, 11 insertions(+)
 create mode 100644 gitignore
 create mode 100644 gitinstr.txt
 create mode 100644 textFilesPic/2codeDOTdoesNotWork.JPG
(hello-flask)
cody@LAPTOP-TO4068AG MINGW64 /gitcode/LC101/hello-flask (master)
$ git push origin master
Counting objects: 5, done.
Delta compression using up to 4 threads.
Compressing objects: 100% (5/5), done.
Writing objects: 100% (5/5), 122.15 KiB | 0 bytes/s, done.
Total 5 (delta 0), reused 0 (delta 0)
To https://github.com/HannahMoses/hello-flask.git
   1ee652f..51f65e6  master -> master
(hello-flask)
cody@LAPTOP-TO4068AG MINGW64 /gitcode/LC101/hello-flask (master)
$ touch README.txt
(hello-flask)
cody@LAPTOP-TO4068AG MINGW64 /gitcode/LC101/hello-flask (master)
$ git add .
(hello-flask)
cody@LAPTOP-TO4068AG MINGW64 /gitcode/LC101/hello-flask (master)
$ git status
On branch master
Changes to be committed:
  (use "git reset HEAD <file>..." to unstage)

        new file:   README.txt

Changes not staged for commit:
  (use "git add <file>..." to update what will be committed)
  (use "git checkout -- <file>..." to discard changes in working directory)
  (commit or discard the untracked or modified content in submodules)

        modified:   README.txt
        modified:   myproject/venv/Scripts/flask (untracked content)

(hello-flask)
cody@LAPTOP-TO4068AG MINGW64 /gitcode/LC101/hello-flask (master)
$ git add .
(hello-flask)
cody@LAPTOP-TO4068AG MINGW64 /gitcode/LC101/hello-flask (master)
$ git commit -m "readme.txt"
[master 2f91027] readme.txt
 1 file changed, 155 insertions(+)
 create mode 100644 README.txt
(hello-flask)
cody@LAPTOP-TO4068AG MINGW64 /gitcode/LC101/hello-flask (master)
$ git status
On branch master
Changes not staged for commit:
  (use "git add <file>..." to update what will be committed)
  (use "git checkout -- <file>..." to discard changes in working directory)
  (commit or discard the untracked or modified content in submodules)

        modified:   myproject/venv/Scripts/flask (untracked content)

no changes added to commit (use "git add" and/or "git commit -a")
(hello-flask)
cody@LAPTOP-TO4068AG MINGW64 /gitcode/LC101/hello-flask (master)
$ git push origin master
Counting objects: 3, done.
Delta compression using up to 4 threads.
Compressing objects: 100% (3/3), done.
Writing objects: 100% (3/3), 3.53 KiB | 0 bytes/s, done.
Total 3 (delta 1), reused 0 (delta 0)
remote: Resolving deltas: 100% (1/1), completed with 1 local object.
To https://github.com/HannahMoses/hello-flask.git
   51f65e6..2f91027  master -> master
(hello-flask)
cody@LAPTOP-TO4068AG MINGW64 /gitcode/LC101/hello-flask (master)
$
